// Jest Snapshot v1, https://goo.gl/fbAQLP

exports[`renders homepage unchanged 1`] = `
<div>
  <div>
    <div
      class="container"
    >
      <div
        class="body"
      >
        <div
          class="title"
        >
          Which music style is this?
        </div>
        <div
          class="search"
        >
          <div
            class="MuiAutocomplete-root MuiAutocomplete-hasPopupIcon css-1bbzlnm-MuiAutocomplete-root"
          >
            <div
              class="MuiFormControl-root MuiFormControl-fullWidth MuiTextField-root css-om5ewn-MuiFormControl-root-MuiTextField-root"
            >
              <label
                class="MuiInputLabel-root MuiInputLabel-formControl MuiInputLabel-animated MuiInputLabel-outlined MuiFormLabel-root MuiFormLabel-colorPrimary css-14s5rfu-MuiFormLabel-root-MuiInputLabel-root"
                data-shrink="false"
                for="search-box"
                id="search-box-label"
              >
                Type an artist name
              </label>
              <div
                class="MuiOutlinedInput-root MuiInputBase-root MuiInputBase-colorPrimary MuiInputBase-fullWidth MuiInputBase-formControl MuiInputBase-adornedEnd MuiAutocomplete-inputRoot css-154xyx0-MuiInputBase-root-MuiOutlinedInput-root"
              >
                <input
                  aria-autocomplete="list"
                  aria-expanded="false"
                  aria-invalid="false"
                  autocapitalize="none"
                  autocomplete="off"
                  class="MuiOutlinedInput-input MuiInputBase-input MuiInputBase-inputAdornedEnd MuiAutocomplete-input MuiAutocomplete-inputFocused css-nxo287-MuiInputBase-input-MuiOutlinedInput-input"
                  id="search-box"
                  role="combobox"
                  spellcheck="false"
                  type="text"
                  value=""
                />
                <div
                  class="MuiAutocomplete-endAdornment css-1q60rmi-MuiAutocomplete-endAdornment"
                >
                  <button
                    aria-label="Open"
                    class="MuiButtonBase-root MuiIconButton-root MuiIconButton-sizeMedium MuiAutocomplete-popupIndicator css-qzbt6i-MuiButtonBase-root-MuiIconButton-root-MuiAutocomplete-popupIndicator"
                    tabindex="-1"
                    title="Open"
                    type="button"
                  >
                    <svg
                      aria-hidden="true"
                      class="MuiSvgIcon-root MuiSvgIcon-fontSizeMedium css-i4bv87-MuiSvgIcon-root"
                      data-testid="ArrowDropDownIcon"
                      focusable="false"
                      viewBox="0 0 24 24"
                    >
                      <path
                        d="M7 10l5 5 5-5z"
                      />
                    </svg>
                    <span
                      class="MuiTouchRipple-root css-8je8zh-MuiTouchRipple-root"
                    />
                  </button>
                </div>
                <fieldset
                  aria-hidden="true"
                  class="MuiOutlinedInput-notchedOutline css-1d3z3hw-MuiOutlinedInput-notchedOutline"
                >
                  <legend
                    class="css-1ftyaf0"
                  >
                    <span>
                      Type an artist name
                    </span>
                  </legend>
                </fieldset>
              </div>
            </div>
          </div>
        </div>
      </div>
      <div
        class="body"
      />
    </div>
  </div>
</div>
`;
